main.c:108:5:main	16	static
main.c:183:6:SystemClock_Config	72	static
main.c:219:13:MX_TIM2_Init	32	static
main.c:264:13:MX_GPIO_Init	32	static
main.c:311:6:clearLED	8	static
main.c:317:6:updateLEDMatrixBuffer	24	static
main.c:323:6:updateLEDMatrix	56	static
main.c:442:6:shiftRightMatrix	16	static
main.c:457:6:shiftLeftMatrix	16	static
main.c:472:6:shiftUpMatrix	16	static
main.c:481:6:shiftDownMatrix	16	static
main.c:490:6:setTimer	16	static
main.c:495:6:timer_run	16	static
main.c:506:6:HAL_TIM_PeriodElapsedCallback	16	static
main.c:515:6:Error_Handler	4	static,ignoring_inline_asm
